// Jest Snapshot v1, https://goo.gl/fbAQLP

exports[`context  should match snapshot 1`] = `<span />`;
